(CVXPY) Jun 29 06:02:57 PM: Encountered unexpected exception importing solver DIFFCP:
ImportError('DLL load failed while importing _diffcp: The specified module could not be found.')
Test set: 20 patients
Using canonical test set: 20 patients

  -- N=5, rho=4.0, method=kkt --
    Training: 5 patients
(CVXPY) Jun 29 06:02:58 PM: Encountered unexpected exception importing solver DIFFCP:
ImportError('DLL load failed while importing _diffcp: The specified module could not be found.')
  patients used=5  comp-slack resid=6.7497e+13
  alpha_hat (sign-constrained): [0.1301 0.5341 0.2767 0.047  0.0121 0.    ]
  true alpha/sum (per function):[0.3175 0.3175 0.1587 0.0794 0.0794 0.0476]
  cond(M)=5.56e+02  per-patient leverage shares (N entries)=[0.    0.366 0.312 0.159 0.164]
  unidentified direction (|smallest eigvec|, per function): [0.037 0.985 0.165 0.013 0.011 0.001]
    alpha_hat = [0.1301 0.5341 0.2767 0.047  0.0121 0.    ]
    True alpha (per function) = [20. 20. 10.  5.  5.  3.]
(CVXPY) Jun 29 06:03:00 PM: Encountered unexpected exception importing solver DIFFCP:
ImportError('DLL load failed while importing _diffcp: The specified module could not be found.')
    test[ 0] Prostate_Patient_41: RelErr=0.7544  (8.9s)
(CVXPY) Jun 29 06:03:09 PM: Encountered unexpected exception importing solver DIFFCP:
ImportError('DLL load failed while importing _diffcp: The specified module could not be found.')
    test[ 1] Prostate_Patient_32: RelErr=0.6671  (3.0s)
(CVXPY) Jun 29 06:03:12 PM: Encountered unexpected exception importing solver DIFFCP:
ImportError('DLL load failed while importing _diffcp: The specified module could not be found.')
    test[ 2] Prostate_Patient_60: RelErr=0.8539  (2.9s)
(CVXPY) Jun 29 06:03:15 PM: Encountered unexpected exception importing solver DIFFCP:
ImportError('DLL load failed while importing _diffcp: The specified module could not be found.')
    test[ 3] Prostate_Patient_72: RelErr=0.7670  (3.1s)
(CVXPY) Jun 29 06:03:18 PM: Encountered unexpected exception importing solver DIFFCP:
ImportError('DLL load failed while importing _diffcp: The specified module could not be found.')
    test[ 4] Prostate_Patient_95: RelErr=0.7911  (6.0s)
(CVXPY) Jun 29 06:03:24 PM: Encountered unexpected exception importing solver DIFFCP:
ImportError('DLL load failed while importing _diffcp: The specified module could not be found.')
    test[ 5] Prostate_Patient_123: RelErr=0.7765  (4.8s)
(CVXPY) Jun 29 06:03:29 PM: Encountered unexpected exception importing solver DIFFCP:
ImportError('DLL load failed while importing _diffcp: The specified module could not be found.')
    test[ 6] Prostate_Patient_53: RelErr=0.8177  (5.3s)
(CVXPY) Jun 29 06:03:34 PM: Encountered unexpected exception importing solver DIFFCP:
ImportError('DLL load failed while importing _diffcp: The specified module could not be found.')
    test[ 7] Prostate_Patient_55: RelErr=0.8745  (1.5s)
(CVXPY) Jun 29 06:03:36 PM: Encountered unexpected exception importing solver DIFFCP:
ImportError('DLL load failed while importing _diffcp: The specified module could not be found.')
    test[ 8] Prostate_Patient_36: RelErr=1.0179  (1.7s)
(CVXPY) Jun 29 06:03:37 PM: Encountered unexpected exception importing solver DIFFCP:
ImportError('DLL load failed while importing _diffcp: The specified module could not be found.')
    test[ 9] Prostate_Patient_54: RelErr=0.8963  (3.5s)
(CVXPY) Jun 29 06:03:41 PM: Encountered unexpected exception importing solver DIFFCP:
ImportError('DLL load failed while importing _diffcp: The specified module could not be found.')
    test[10] Prostate_Patient_42: RelErr=0.9444  (8.1s)
(CVXPY) Jun 29 06:03:49 PM: Encountered unexpected exception importing solver DIFFCP:
ImportError('DLL load failed while importing _diffcp: The specified module could not be found.')
    test[11] Prostate_Patient_51: RelErr=0.7108  (3.2s)
(CVXPY) Jun 29 06:03:52 PM: Encountered unexpected exception importing solver DIFFCP:
ImportError('DLL load failed while importing _diffcp: The specified module could not be found.')
    test[12] Prostate_Patient_97: RelErr=0.7555  (2.7s)
(CVXPY) Jun 29 06:03:55 PM: Encountered unexpected exception importing solver DIFFCP:
ImportError('DLL load failed while importing _diffcp: The specified module could not be found.')
    test[13] Prostate_Patient_12: RelErr=0.7804  (10.0s)
(CVXPY) Jun 29 06:04:05 PM: Encountered unexpected exception importing solver DIFFCP:
ImportError('DLL load failed while importing _diffcp: The specified module could not be found.')
    test[14] Prostate_Patient_46: RelErr=0.7589  (3.4s)
(CVXPY) Jun 29 06:04:08 PM: Encountered unexpected exception importing solver DIFFCP:
ImportError('DLL load failed while importing _diffcp: The specified module could not be found.')
    test[15] Prostate_Patient_4: RelErr=0.8755  (5.2s)
(CVXPY) Jun 29 06:04:13 PM: Encountered unexpected exception importing solver DIFFCP:
ImportError('DLL load failed while importing _diffcp: The specified module could not be found.')
    test[16] Prostate_Patient_21: RelErr=0.7698  (10.0s)
(CVXPY) Jun 29 06:04:23 PM: Encountered unexpected exception importing solver DIFFCP:
ImportError('DLL load failed while importing _diffcp: The specified module could not be found.')
    test[17] Prostate_Patient_122: RelErr=0.9226  (13.8s)
(CVXPY) Jun 29 06:04:37 PM: Encountered unexpected exception importing solver DIFFCP:
ImportError('DLL load failed while importing _diffcp: The specified module could not be found.')
    test[18] Prostate_Patient_109: RelErr=0.7099  (3.8s)
(CVXPY) Jun 29 06:04:41 PM: Encountered unexpected exception importing solver DIFFCP:
ImportError('DLL load failed while importing _diffcp: The specified module could not be found.')
    test[19] Prostate_Patient_90: RelErr=0.7708  (1.9s)
    Mean RelErr = 0.8108  (20/20 valid, 105.4s total)

  -- N=6, rho=4.0, method=kkt --
    Training: 6 patients
(CVXPY) Jun 29 06:04:43 PM: Encountered unexpected exception importing solver DIFFCP:
ImportError('DLL load failed while importing _diffcp: The specified module could not be found.')
  patients used=6  comp-slack resid=7.2183e+13
  alpha_hat (sign-constrained): [0.1394 0.5554 0.256  0.0379 0.0114 0.    ]
  true alpha/sum (per function):[0.3175 0.3175 0.1587 0.0794 0.0794 0.0476]
  cond(M)=6.36e+02  per-patient leverage shares (N entries)=[0.    0.3   0.256 0.13  0.134 0.18 ]
  unidentified direction (|smallest eigvec|, per function): [0.042 0.992 0.12  0.005 0.007 0.   ]
    alpha_hat = [0.1394 0.5554 0.256  0.0379 0.0114 0.    ]
    True alpha (per function) = [20. 20. 10.  5.  5.  3.]
(CVXPY) Jun 29 06:04:46 PM: Encountered unexpected exception importing solver DIFFCP:
ImportError('DLL load failed while importing _diffcp: The specified module could not be found.')
    test[ 0] Prostate_Patient_41: RelErr=0.7475  (10.1s)
(CVXPY) Jun 29 06:04:56 PM: Encountered unexpected exception importing solver DIFFCP:
ImportError('DLL load failed while importing _diffcp: The specified module could not be found.')
    test[ 1] Prostate_Patient_32: RelErr=0.6625  (3.2s)
(CVXPY) Jun 29 06:04:59 PM: Encountered unexpected exception importing solver DIFFCP:
ImportError('DLL load failed while importing _diffcp: The specified module could not be found.')
    test[ 2] Prostate_Patient_60: RelErr=0.8458  (4.9s)
(CVXPY) Jun 29 06:05:04 PM: Encountered unexpected exception importing solver DIFFCP:
ImportError('DLL load failed while importing _diffcp: The specified module could not be found.')
    test[ 3] Prostate_Patient_72: RelErr=0.7674  (3.6s)
(CVXPY) Jun 29 06:05:08 PM: Encountered unexpected exception importing solver DIFFCP:
ImportError('DLL load failed while importing _diffcp: The specified module could not be found.')
    test[ 4] Prostate_Patient_95: RelErr=0.7873  (2.2s)
(CVXPY) Jun 29 06:05:10 PM: Encountered unexpected exception importing solver DIFFCP:
ImportError('DLL load failed while importing _diffcp: The specified module could not be found.')
    test[ 5] Prostate_Patient_123: RelErr=0.7781  (5.3s)
(CVXPY) Jun 29 06:05:15 PM: Encountered unexpected exception importing solver DIFFCP:
ImportError('DLL load failed while importing _diffcp: The specified module could not be found.')
    test[ 6] Prostate_Patient_53: RelErr=0.8100  (6.2s)
(CVXPY) Jun 29 06:05:21 PM: Encountered unexpected exception importing solver DIFFCP:
ImportError('DLL load failed while importing _diffcp: The specified module could not be found.')
    test[ 7] Prostate_Patient_55: RelErr=0.8855  (2.5s)
(CVXPY) Jun 29 06:05:24 PM: Encountered unexpected exception importing solver DIFFCP:
ImportError('DLL load failed while importing _diffcp: The specified module could not be found.')
    test[ 8] Prostate_Patient_36: RelErr=1.0314  (2.0s)
(CVXPY) Jun 29 06:05:26 PM: Encountered unexpected exception importing solver DIFFCP:
ImportError('DLL load failed while importing _diffcp: The specified module could not be found.')
    test[ 9] Prostate_Patient_54: RelErr=0.9027  (3.3s)
(CVXPY) Jun 29 06:05:29 PM: Encountered unexpected exception importing solver DIFFCP:
ImportError('DLL load failed while importing _diffcp: The specified module could not be found.')
    test[10] Prostate_Patient_42: RelErr=0.9508  (4.5s)
(CVXPY) Jun 29 06:05:34 PM: Encountered unexpected exception importing solver DIFFCP:
ImportError('DLL load failed while importing _diffcp: The specified module could not be found.')
    test[11] Prostate_Patient_51: RelErr=0.7116  (3.8s)
(CVXPY) Jun 29 06:05:38 PM: Encountered unexpected exception importing solver DIFFCP:
ImportError('DLL load failed while importing _diffcp: The specified module could not be found.')
    test[12] Prostate_Patient_97: RelErr=0.7570  (2.6s)
(CVXPY) Jun 29 06:05:40 PM: Encountered unexpected exception importing solver DIFFCP:
ImportError('DLL load failed while importing _diffcp: The specified module could not be found.')
    test[13] Prostate_Patient_12: RelErr=0.7763  (11.0s)
(CVXPY) Jun 29 06:05:51 PM: Encountered unexpected exception importing solver DIFFCP:
ImportError('DLL load failed while importing _diffcp: The specified module could not be found.')
    test[14] Prostate_Patient_46: RelErr=0.7663  (3.5s)
(CVXPY) Jun 29 06:05:55 PM: Encountered unexpected exception importing solver DIFFCP:
ImportError('DLL load failed while importing _diffcp: The specified module could not be found.')
    test[15] Prostate_Patient_4: RelErr=0.8797  (9.0s)
(CVXPY) Jun 29 06:06:04 PM: Encountered unexpected exception importing solver DIFFCP:
ImportError('DLL load failed while importing _diffcp: The specified module could not be found.')
    test[16] Prostate_Patient_21: RelErr=0.7717  (9.8s)
(CVXPY) Jun 29 06:06:13 PM: Encountered unexpected exception importing solver DIFFCP:
ImportError('DLL load failed while importing _diffcp: The specified module could not be found.')
    test[17] Prostate_Patient_122: RelErr=0.9247  (13.5s)
(CVXPY) Jun 29 06:06:27 PM: Encountered unexpected exception importing solver DIFFCP:
ImportError('DLL load failed while importing _diffcp: The specified module could not be found.')
    test[18] Prostate_Patient_109: RelErr=0.7107  (3.4s)
(CVXPY) Jun 29 06:06:30 PM: Encountered unexpected exception importing solver DIFFCP:
ImportError('DLL load failed while importing _diffcp: The specified module could not be found.')
    test[19] Prostate_Patient_90: RelErr=0.7652  (1.8s)
    Mean RelErr = 0.8116  (20/20 valid, 109.2s total)

  -- N=7, rho=4.0, method=kkt --
    Training: 7 patients
(CVXPY) Jun 29 06:06:32 PM: Encountered unexpected exception importing solver DIFFCP:
ImportError('DLL load failed while importing _diffcp: The specified module could not be found.')
  patients used=7  comp-slack resid=1.0140e+14
  alpha_hat (sign-constrained): [0.1215 0.6976 0.1291 0.0439 0.008  0.    ]
  true alpha/sum (per function):[0.3175 0.3175 0.1587 0.0794 0.0794 0.0476]
  cond(M)=7.35e+02  per-patient leverage shares (N entries)=[0.    0.229 0.195 0.099 0.103 0.137 0.236]
  unidentified direction (|smallest eigvec|, per function): [0.008 1.    0.022 0.02  0.002 0.   ]
    alpha_hat = [0.1215 0.6976 0.1291 0.0439 0.008  0.    ]
    True alpha (per function) = [20. 20. 10.  5.  5.  3.]
(CVXPY) Jun 29 06:06:36 PM: Encountered unexpected exception importing solver DIFFCP:
ImportError('DLL load failed while importing _diffcp: The specified module could not be found.')
    test[ 0] Prostate_Patient_41: RelErr=0.7667  (13.2s)
(CVXPY) Jun 29 06:06:49 PM: Encountered unexpected exception importing solver DIFFCP:
ImportError('DLL load failed while importing _diffcp: The specified module could not be found.')
    test[ 1] Prostate_Patient_32: RelErr=0.6763  (4.3s)
(CVXPY) Jun 29 06:06:53 PM: Encountered unexpected exception importing solver DIFFCP:
ImportError('DLL load failed while importing _diffcp: The specified module could not be found.')
    test[ 2] Prostate_Patient_60: RelErr=0.9125  (6.0s)
(CVXPY) Jun 29 06:06:59 PM: Encountered unexpected exception importing solver DIFFCP:
ImportError('DLL load failed while importing _diffcp: The specified module could not be found.')
    test[ 3] Prostate_Patient_72: RelErr=0.7552  (2.1s)
(CVXPY) Jun 29 06:07:01 PM: Encountered unexpected exception importing solver DIFFCP:
ImportError('DLL load failed while importing _diffcp: The specified module could not be found.')
    test[ 4] Prostate_Patient_95: RelErr=0.7919  (2.2s)
(CVXPY) Jun 29 06:07:03 PM: Encountered unexpected exception importing solver DIFFCP:
ImportError('DLL load failed while importing _diffcp: The specified module could not be found.')
    test[ 5] Prostate_Patient_123: RelErr=0.7975  (5.8s)
(CVXPY) Jun 29 06:07:09 PM: Encountered unexpected exception importing solver DIFFCP:
ImportError('DLL load failed while importing _diffcp: The specified module could not be found.')
    test[ 6] Prostate_Patient_53: RelErr=0.8407  (8.4s)
(CVXPY) Jun 29 06:07:18 PM: Encountered unexpected exception importing solver DIFFCP:
ImportError('DLL load failed while importing _diffcp: The specified module could not be found.')
    test[ 7] Prostate_Patient_55: RelErr=0.9434  (3.9s)
(CVXPY) Jun 29 06:07:22 PM: Encountered unexpected exception importing solver DIFFCP:
ImportError('DLL load failed while importing _diffcp: The specified module could not be found.')
    test[ 8] Prostate_Patient_36: RelErr=1.1019  (1.8s)
(CVXPY) Jun 29 06:07:23 PM: Encountered unexpected exception importing solver DIFFCP:
ImportError('DLL load failed while importing _diffcp: The specified module could not be found.')
    test[ 9] Prostate_Patient_54: RelErr=0.9235  (3.5s)
(CVXPY) Jun 29 06:07:27 PM: Encountered unexpected exception importing solver DIFFCP:
ImportError('DLL load failed while importing _diffcp: The specified module could not be found.')
    test[10] Prostate_Patient_42: RelErr=1.0052  (2.9s)
(CVXPY) Jun 29 06:07:30 PM: Encountered unexpected exception importing solver DIFFCP:
ImportError('DLL load failed while importing _diffcp: The specified module could not be found.')
    test[11] Prostate_Patient_51: RelErr=0.7021  (5.7s)
(CVXPY) Jun 29 06:07:35 PM: Encountered unexpected exception importing solver DIFFCP:
ImportError('DLL load failed while importing _diffcp: The specified module could not be found.')
    test[12] Prostate_Patient_97: RelErr=0.7362  (3.8s)
(CVXPY) Jun 29 06:07:39 PM: Encountered unexpected exception importing solver DIFFCP:
ImportError('DLL load failed while importing _diffcp: The specified module could not be found.')
    test[13] Prostate_Patient_12: RelErr=0.8117  (12.9s)
(CVXPY) Jun 29 06:07:52 PM: Encountered unexpected exception importing solver DIFFCP:
ImportError('DLL load failed while importing _diffcp: The specified module could not be found.')
    test[14] Prostate_Patient_46: RelErr=0.7729  (4.2s)
(CVXPY) Jun 29 06:07:56 PM: Encountered unexpected exception importing solver DIFFCP:
ImportError('DLL load failed while importing _diffcp: The specified module could not be found.')
    test[15] Prostate_Patient_4: RelErr=0.9049  (9.3s)
(CVXPY) Jun 29 06:08:06 PM: Encountered unexpected exception importing solver DIFFCP:
ImportError('DLL load failed while importing _diffcp: The specified module could not be found.')
    test[16] Prostate_Patient_21: RelErr=0.7920  (9.2s)
(CVXPY) Jun 29 06:08:15 PM: Encountered unexpected exception importing solver DIFFCP:
ImportError('DLL load failed while importing _diffcp: The specified module could not be found.')
    test[17] Prostate_Patient_122: RelErr=0.9517  (15.6s)
(CVXPY) Jun 29 06:08:30 PM: Encountered unexpected exception importing solver DIFFCP:
ImportError('DLL load failed while importing _diffcp: The specified module could not be found.')
    test[18] Prostate_Patient_109: RelErr=0.7017  (3.1s)
(CVXPY) Jun 29 06:08:33 PM: Encountered unexpected exception importing solver DIFFCP:
ImportError('DLL load failed while importing _diffcp: The specified module could not be found.')
    test[19] Prostate_Patient_90: RelErr=0.7633  (1.8s)
    Mean RelErr = 0.8326  (20/20 valid, 123.2s total)

  -- N=8, rho=4.0, method=kkt --
    Training: 8 patients
(CVXPY) Jun 29 06:08:35 PM: Encountered unexpected exception importing solver DIFFCP:
ImportError('DLL load failed while importing _diffcp: The specified module could not be found.')
  patients used=8  comp-slack resid=1.3796e+14
  alpha_hat (sign-constrained): [0.1708 0.5963 0.1607 0.0644 0.0078 0.    ]
  true alpha/sum (per function):[0.3175 0.3175 0.1587 0.0794 0.0794 0.0476]
  cond(M)=5.62e+02  per-patient leverage shares (N entries)=[0.    0.208 0.177 0.09  0.093 0.125 0.214 0.092]
  unidentified direction (|smallest eigvec|, per function): [0.017 0.999 0.024 0.033 0.004 0.001]
    alpha_hat = [0.1708 0.5963 0.1607 0.0644 0.0078 0.    ]
    True alpha (per function) = [20. 20. 10.  5.  5.  3.]
(CVXPY) Jun 29 06:08:39 PM: Encountered unexpected exception importing solver DIFFCP:
ImportError('DLL load failed while importing _diffcp: The specified module could not be found.')
    test[ 0] Prostate_Patient_41: RelErr=0.7737  (12.3s)
(CVXPY) Jun 29 06:08:51 PM: Encountered unexpected exception importing solver DIFFCP:
ImportError('DLL load failed while importing _diffcp: The specified module could not be found.')
    test[ 1] Prostate_Patient_32: RelErr=0.6648  (3.8s)
(CVXPY) Jun 29 06:08:55 PM: Encountered unexpected exception importing solver DIFFCP:
ImportError('DLL load failed while importing _diffcp: The specified module could not be found.')
    test[ 2] Prostate_Patient_60: RelErr=0.9287  (3.6s)
(CVXPY) Jun 29 06:08:59 PM: Encountered unexpected exception importing solver DIFFCP:
ImportError('DLL load failed while importing _diffcp: The specified module could not be found.')
    test[ 3] Prostate_Patient_72: RelErr=0.7652  (2.2s)
(CVXPY) Jun 29 06:09:01 PM: Encountered unexpected exception importing solver DIFFCP:
ImportError('DLL load failed while importing _diffcp: The specified module could not be found.')
    test[ 4] Prostate_Patient_95: RelErr=0.8202  (3.7s)
(CVXPY) Jun 29 06:09:05 PM: Encountered unexpected exception importing solver DIFFCP:
ImportError('DLL load failed while importing _diffcp: The specified module could not be found.')
    test[ 5] Prostate_Patient_123: RelErr=0.8139  (5.7s)
(CVXPY) Jun 29 06:09:10 PM: Encountered unexpected exception importing solver DIFFCP:
ImportError('DLL load failed while importing _diffcp: The specified module could not be found.')
    test[ 6] Prostate_Patient_53: RelErr=0.8549  (5.7s)
(CVXPY) Jun 29 06:09:16 PM: Encountered unexpected exception importing solver DIFFCP:
ImportError('DLL load failed while importing _diffcp: The specified module could not be found.')
    test[ 7] Prostate_Patient_55: RelErr=0.9414  (2.9s)
(CVXPY) Jun 29 06:09:19 PM: Encountered unexpected exception importing solver DIFFCP:
ImportError('DLL load failed while importing _diffcp: The specified module could not be found.')
    test[ 8] Prostate_Patient_36: RelErr=1.0794  (2.5s)
(CVXPY) Jun 29 06:09:21 PM: Encountered unexpected exception importing solver DIFFCP:
ImportError('DLL load failed while importing _diffcp: The specified module could not be found.')
    test[ 9] Prostate_Patient_54: RelErr=0.9309  (3.0s)
(CVXPY) Jun 29 06:09:24 PM: Encountered unexpected exception importing solver DIFFCP:
ImportError('DLL load failed while importing _diffcp: The specified module could not be found.')
    test[10] Prostate_Patient_42: RelErr=1.0148  (4.2s)
(CVXPY) Jun 29 06:09:29 PM: Encountered unexpected exception importing solver DIFFCP:
ImportError('DLL load failed while importing _diffcp: The specified module could not be found.')
    test[11] Prostate_Patient_51: RelErr=0.7289  (8.6s)
(CVXPY) Jun 29 06:09:37 PM: Encountered unexpected exception importing solver DIFFCP:
ImportError('DLL load failed while importing _diffcp: The specified module could not be found.')
    test[12] Prostate_Patient_97: RelErr=0.7643  (2.8s)
(CVXPY) Jun 29 06:09:40 PM: Encountered unexpected exception importing solver DIFFCP:
ImportError('DLL load failed while importing _diffcp: The specified module could not be found.')
    test[13] Prostate_Patient_12: RelErr=0.7907  (11.9s)
(CVXPY) Jun 29 06:09:52 PM: Encountered unexpected exception importing solver DIFFCP:
ImportError('DLL load failed while importing _diffcp: The specified module could not be found.')
    test[14] Prostate_Patient_46: RelErr=0.7898  (5.0s)
(CVXPY) Jun 29 06:09:57 PM: Encountered unexpected exception importing solver DIFFCP:
ImportError('DLL load failed while importing _diffcp: The specified module could not be found.')
    test[15] Prostate_Patient_4: RelErr=0.9072  (7.7s)
(CVXPY) Jun 29 06:10:05 PM: Encountered unexpected exception importing solver DIFFCP:
ImportError('DLL load failed while importing _diffcp: The specified module could not be found.')
    test[16] Prostate_Patient_21: RelErr=0.8095  (9.5s)
(CVXPY) Jun 29 06:10:14 PM: Encountered unexpected exception importing solver DIFFCP:
ImportError('DLL load failed while importing _diffcp: The specified module could not be found.')
    test[17] Prostate_Patient_122: RelErr=0.9512  (15.6s)
(CVXPY) Jun 29 06:10:30 PM: Encountered unexpected exception importing solver DIFFCP:
ImportError('DLL load failed while importing _diffcp: The specified module could not be found.')
    test[18] Prostate_Patient_109: RelErr=0.7297  (2.9s)
(CVXPY) Jun 29 06:10:33 PM: Encountered unexpected exception importing solver DIFFCP:
ImportError('DLL load failed while importing _diffcp: The specified module could not be found.')
    test[19] Prostate_Patient_90: RelErr=0.7851  (3.0s)
    Mean RelErr = 0.8422  (20/20 valid, 120.5s total)
Saved CSV: results/parametric_comparison\parametric_mape_nested_kkt_rho4.csv
Saved figure: results/parametric_comparison\parametric_mape_figure_kkt_rho4.pdf

===== SUMMARY =====
   N       rho=4.0
   5         0.811%
   6         0.812%
   7         0.833%
   8         0.842%
